{
  "8e0280beebc3d12626e87b182f4205d75e49981042f54081cd35f3a4a85630b0": 0,
  "5526b1373acfc774794a62122f95583ff17febb2ca8a0fe948d097e29cf99099": 30000000000000000,
  "84e79ec2eea95464106f80f70989a29c6247119174d16d505d574ab600e7249a": 0,
  "02e9a39dec6fad8a889a619b71a3cf06fab8475a6d19ea6e949846b5e0ba8747": 0,
  "91fb5ef738503676d0e5e91565ba3907c30c8a4d9a99cddc9c84205cfb7f3cbe": 0,
  "b731574b44de062ade1e70d0040abde47a6626c7d8e98816a9d87e6bd6228b45": 0,
  "21184177437666b3d3229e118d000e9eb0e625063610ee707921493bc215fc01": 0,
  "c0290a97a0c64e5dcc65b7c1eb89fa80d4b94218d15fc938ea5c899ba9d27d6f": 0
}
