{
  "FHnt4NL7yPXhCzCHVywZLqVsvwuG3HvwmjKXQJBrXh3h2aigv6uxkePbpzRNV8q": 0,
  "FHnt4NL7yPYHrcxPtPufYYFWLhqvHGnZ5NFSz2KZpWQgSq4VLsUgWnkEmfUtd1E": 0,
  "FHnt4NL7yPYJiN5Y8VsQr6LP6YgN51BHBPegNjVwKkq6AooCkbTpfZ2bqkVkfXU": 0,
  "FHnt4NL7yPYH2vP2FLEfH2pt3K6meM7fgtjRiLBidaqpP5ogPzxLNsZy68e1KdW": 0,
  "FHnt4NL7yPY8exfnuJ8ACyoU7xCN93tKXSv357UrTp1nddGbkWxJpQfrt62xYFX": 0,
  "FHnt4NL7yPXuJGViM3KwSPwrwECD9q5vNetX3QJDYRWgiX3RHi5i5VV32dnETDK": 0,
  "FHnt4NL7yPXuYUxBF33VX5dZMBDAab2kvSNLRzCskvuKNCSDknzrQvKeQhGUw5a": 30000000000000000,
  "FHnt4NL7yPYFpVcAXZADrKdsqCAFvcRFYkTcqkn2guGmj8akQMiMVjhSUECvD1F": 0
}
